***************************************************************************
*                           SPARC (Nov 06, 2019)                          *
*   Copyright (c) 2019 Material Physics & Mechanics Group, Georgia Tech   *
*           Distributed under GNU General Public License 3 (GPL)          *
*                 Start time: Thu Dec 19 15:14:57 2019                    *
***************************************************************************
                           Input parameters                                
***************************************************************************
CELL: 10.2 10.2 10.2 
LATVEC:
1 0 0 
0 1 0 
0 0 1 
FD_GRID: 30 30 30
FD_ORDER: 12
BOUNDARY_CONDITION: 2
KPOINT_GRID: 1 1 1
KPOINT_SHIFT: 0 0 0
SPIN_TYP: 1
ELEC_TEMP_TYPE: Fermi-Dirac
SMEARING: 0.0009999932524
CHEB_DEGREE: 23
NSTATES: 30
EXCHANGE_CORRELATION: GGA_RPBE
CALC_STRESS: 1
CHEFSI_BOUND_FLAG: 0
MAXIT_SCF: 100
MINIT_SCF: 3
MAXIT_POISSON: 3000
TOL_SCF: 1.00E-06
TOL_POISSON: 1.00E-08
TOL_LANCZOS: 1.00E-02
TOL_PSEUDOCHARGE: 1.00E-08
MIXING_VARIABLE: potential
MIXING_PRECOND: none
MIXING_PARAMETER: 0.3
MIXING_HISTORY: 7
PULAY_FREQUENCY: 1
PULAY_RESTART: 0
REFERENCE_CUTOFF: 0.5
RHO_TRIGGER: 4
FIX_RAND: 0
VERBOSITY: 1
PRINT_FORCES: 1
PRINT_ATOMS: 1
PRINT_EIGEN: 0
PRINT_DENSITY: 0
OUTPUT_FILE: Si8
***************************************************************************
                           Parallelization                                 
***************************************************************************
NP_SPIN_PARAL: 1
NP_KPOINT_PARAL: 1
NP_BAND_PARAL: 25
NP_DOMAIN_PARAL: 1 1 1
NP_DOMAIN_PHI_PARAL: 1 5 5
***************************************************************************
                             Initialization                                
***************************************************************************
Number of processors               :  25
Mesh spacing                       :  0.34 (Bohr)
Number of symmetry adapted k-points:  1
Output printed to                  :  Si8.out
Total number of atom types         :  1
Total number of atoms              :  8
Total number of electrons          :  32
Atom type 1  (valence electrons)   :  Si 4
Pseudopotential                    :  ./Si.psp8
Pseudocharge radii of atom type 1  :  8.16 8.16 8.16 (x, y, z dir)
Number of atoms of type 1          :  8
Fractional coordinates of atoms of type 1     :
      0.0100000000       0.0200000000       0.0250000000
      0.5000000000       0.5000000000       0.0000000000
      0.0000000000       0.5000000000       0.5000000000
      0.5000000000       0.0000000000       0.5000000000
      0.2500000000       0.2500000000       0.2500000000
      0.7500000000       0.7500000000       0.2500000000
      0.2500000000       0.7500000000       0.7500000000
      0.7500000000       0.2500000000       0.7500000000
========================================================================================
                    Self Consistent Field (SCF#1)                     
========================================================================================
Iteration     Free Energy (Ha/atom)   SCF Error        Timing (sec)
1            -3.9245262746E+00        4.810E-02        0.898
2            -3.9283965485E+00        3.387E-02        0.232
3            -3.9291628687E+00        2.074E-02        0.235
4            -3.9294156735E+00        7.159E-03        0.238
5            -3.9294448591E+00        2.912E-03        0.235
6            -3.9294484965E+00        1.551E-03        0.236
7            -3.9294499095E+00        5.373E-04        0.234
8            -3.9294499562E+00        3.062E-04        0.226
9            -3.9294499718E+00        9.230E-05        0.225
10           -3.9294499743E+00        3.766E-05        0.219
11           -3.9294499867E+00        1.265E-05        0.209
12           -3.9294499736E+00        5.065E-06        0.211
13           -3.9294499806E+00        2.095E-06        0.207
14           -3.9294499624E+00        6.822E-07        0.208
Total number of SCF: 14    
====================================================================
                    Energy and force calculation                    
====================================================================
Free energy per atom               : -3.9294499624E+00 (Ha/atom)
Total free energy                  : -3.1435599700E+01 (Ha)
Band structure energy              :  1.6997457374E+00 (Ha)
Exchange correlation energy        : -9.8981437656E+00 (Ha)
Self and correction energy         : -1.0219506067E+02 (Ha)
Entropy*kb*T                       : -6.3632334658E-06 (Ha)
Fermi level                        :  2.4689179899E-01 (Ha)
Atomic forces (Ha/Bohr):
 -2.0070113019E-02  -2.6991450330E-02  -3.1562865668E-02
 -2.4905520110E-03  -3.5939698126E-03  -8.9280011700E-03
 -2.2459719716E-03  -3.4100479008E-03  -4.1503859493E-03
 -2.4434537968E-03  -6.7993857849E-03  -4.2713205613E-03
  2.7074393635E-02   2.7477570390E-02   2.7822702126E-02
  1.8131858308E-03   2.8921495143E-03   2.5672373088E-03
 -6.4071134859E-03   1.1169590242E-02   1.1918807977E-02
  4.7696248182E-03  -7.4445631836E-04   6.6038259364E-03
RMS force                          :  1.8480210710E-02 (Ha/Bohr)
Maximum force                      :  4.7561985018E-02 (Ha/Bohr)
Time for force calculation         :  0.058 (sec)
Stress (GPa) : 
 -1.1170133619E+01  -1.9460094755E+00  -1.6774366674E+00 
 -1.9460094755E+00  -1.0975565034E+01  -1.2447777798E+00 
 -1.6774366674E+00  -1.2447777798E+00  -1.0809117098E+01 
Pressure                           :  1.0984938584E+01 (GPa)
Maximum stress                     :  1.1170133619E+01 (GPa)
Time for stress calculation        :  0.236 (sec)
***************************************************************************
                               Timing info                                 
***************************************************************************
Total walltime                     :  4.282 sec
___________________________________________________________________________

***************************************************************************
*             Material Physics & Mechanics Group, Georgia Tech            *
*                       PI: Phanish Suryanarayana                         *
*                Main Developers: Qimen Xu, Abhiraj Sharma                *
*     Collaborators: J.E. Pask (LLNL), A.J. Medford (GT), E. Chow (GT)    *
*  Acknowledgements: U.S. DOE (DE-SC0019410); U.S. NSF (1333500,1553212)  *
***************************************************************************
                                                                           
