***************************************************************************
*                           SPARC (Mar 13, 2019)                          *
*   Copyright (c) 2018 Material Physics & Mechanics Group, Georgia Tech   *
*           Distributed under GNU General Public License 3 (GPL)          *
*                 Start time: Sun Mar 17 18:05:23 2019                    *
***************************************************************************
                           Input parameters                                
***************************************************************************
CELL: 10.200000 10.200000 10.200000 
LATVEC:
1.000000 0.000000 0.000000 
-0.292372 0.956305 0.000000 
0.173648 -0.110493 0.978590 
FD_GRID: 25 25 25
FD_ORDER: 12
BOUNDARY_CONDITION: 2
KPOINT_GRID: 1 1 1
ELEC_TEMP: 315.775131
CHEB_DEGREE: 20
NSTATES: 30
EXCHANGE_CORRELATION: GGA_PBE
CALC_STRESS: 1
MAXIT_SCF: 100
TOL_SCF: 1.00E-06
TOL_POISSON: 1.00E-08
TOL_LANCZOS: 1.00E-02
TOL_PSEUDOCHARGE: 1.00E-08
MIXING_VARIABLE: potential
MIXING_PRECOND: none
MIXING_PARAMETER: 0.30
MIXING_HISTORY: 7
PULAY_FREQUENCY: 1
PULAY_RESTART: 0
REFERENCE_CUTOFF: 0.50
RHO_TRIGER: 3
PRINT_FORCES: 1
PRINT_ATOMS: 0
PRINT_EIGEN: 0
PRINT_DENSITY: 0
OUTPUT_FILE: Si8
***************************************************************************
                           Parallelization                                 
***************************************************************************
NP_KPOINT_PARAL: 1
NP_BAND_PARAL: 25
NP_DOMAIN_PARAL: 1 1 1
NP_DOMAIN_PHI_PARAL: 2 3 4
***************************************************************************
                             Initialization                                
***************************************************************************
Number of processors               :  25
Mesh spacing                       :  0.408000 (Bohr)
Number of symmetry adapted k-points:  1
Output printed to                  :  ./Si8.out
Forces printed to                  :  ./Si8.force
Total number of atom types         :  1
Total number of atoms              :  8
Total number of electrons          :  32
Atom type 1  (valence electrons)   :  Si 4
Pseudopotential                    :  ./Si.psp8
Pseudocharge radii of atom type 1  :  7.34 7.34 7.34 (x, y, z dir)
Number of atoms of type 1          :  8
====================================================================
                    Self Consistent Field (SCF#0)                     
====================================================================
Iteration     Free Energy (Ha/atom)   SCF Error        Timing (sec)
1            -4.0236238703E+00        4.817E-02        0.840
2            -3.9157679398E+00        2.849E-02        0.321
3            -3.9168487385E+00        1.279E-02        0.313
4            -3.9173496700E+00        8.958E-03        0.308
5            -3.9174927484E+00        3.708E-03        0.306
6            -3.9169268613E+00        1.898E-03        0.300
7            -3.9161480126E+00        1.180E-03        0.297
8            -3.9153743520E+00        3.806E-04        0.294
9            -3.9152690803E+00        1.825E-04        0.285
10           -3.9154916467E+00        6.508E-05        0.281
11           -3.9155212152E+00        3.175E-05        0.268
12           -3.9155658878E+00        1.288E-05        0.270
13           -3.9155622552E+00        6.020E-06        0.257
14           -3.9155601411E+00        2.932E-06        0.255
15           -3.9155574589E+00        1.533E-06        0.248
16           -3.9155557532E+00        6.537E-07        0.244
====================================================================
                                Energy                     
====================================================================
Total free energy                  :  -3.1324446026E+01 (Ha)
Band structure energy              :   1.3723951098E+00 (Ha)
Exchange correlation energy        :  -9.7764010547E+00 (Ha)
Self and correction energy         :  -1.0219468890E+02 (Ha)
Entropy*kb*T                       :  -2.0844605215E-04 (Ha)
Fermi level                        :   2.3355827524E-01 (Ha)
Atomic forces (Ha/Bohr):
     -0.0547963663       0.0485301658      -0.1142444235
     -0.0548397870       0.0485584418      -0.1143164394
     -0.0548185108       0.0485381394      -0.1142900820
     -0.0548155510       0.0485456094      -0.1142903141
      0.0548135214      -0.0485639285       0.1142393648
      0.0548356395      -0.0485317586       0.1142374676
      0.0548088966      -0.0485360352       0.1143335948
      0.0548121577      -0.0485406340       0.1143308318
Average force                      :  0.135729619130968 (Ha/Bohr)
Maximum force                      :  0.135770294353994 (Ha/Bohr)
Time for force calculation         :  0.047 (sec)
Stress (GPa) : 
 -16.459104985185167 -8.362616055688116 -3.885250606342598 
 -8.362616055688116 -22.523282662261412  7.046273675642449 
 -3.885250606342598  7.046273675642449 -14.641765120016498 
Pressure                           :  17.874717589154358 (GPa)
Maximum stress                     :  22.523282662261412 (GPa)
Time for stress calculation        :   0.233 (sec)
***************************************************************************
                               Timing info                                 
***************************************************************************
Total walltime                     :  5.618 sec
___________________________________________________________________________

***************************************************************************
*             Material Physics & Mechanics Group, Georgia Tech            *
*                       PI: Phanish Suryanarayana                         *
*                Main Developers: Qimen Xu, Abhiraj Sharma                *
*                    Collaborator: John E. Pask (LLNL)                    *
*        Acknowledgements: U.S. DOE (DE-SC0019410); U.S. NSF (1333500)    *
***************************************************************************
                                                                           
